
📊 DEV FULL SYSTEM MONITORING TEST

Target: http://localhost:3002
Started: 4/3/2026, 8:58:15 PM


━━━━━━━━━━━━━━━━━━━━━━━━━━━━━━━━━━━━━━━━━━━━━━━━━━
✅ 1. Checking system health
Health status: ❌ FAIL

━━━━━━━━━━━━━━━━━━━━━━━━━━━━━━━━━━━━━━━━━━━━━━━━━━
✅ 2. Starting quickstart engine initialization
